../src/networking/esp8266_socket.c:92:13:port2str	24	static
../src/networking/esp8266_socket.c:105:6:smi_init	16	static
../src/networking/esp8266_socket.c:117:5:esp_socket	16	static
../src/networking/esp8266_socket.c:136:5:esp_connect	32	static
../src/networking/esp8266_socket.c:158:5:esp_read	32	static
../src/networking/esp8266_socket.c:181:5:esp_write	24	static
../src/networking/esp8266_socket.c:193:5:esp_close	16	static
../src/networking/esp8266_socket.c:198:5:esp_shutdown	24	static
../src/networking/esp8266_socket.c:213:5:esp_peek	24	static
../src/networking/esp8266_socket.c:242:6:init_counters	16	static
../src/networking/esp8266_socket.c:250:6:sm_flush	16	static
../src/networking/esp8266_socket.c:259:6:sm_read_buffer	16	static
../src/networking/esp8266_socket.c:271:6:sm_read_int	24	static
../src/networking/esp8266_socket.c:292:5:sm_read_until	24	static
../src/networking/esp8266_socket.c:309:5:sm_read_result	16	static
../src/networking/esp8266_socket.c:316:6:sm_wait_for	24	static
../src/networking/esp8266_socket.c:335:13:stInit	16	static
../src/networking/esp8266_socket.c:371:13:stAT	16	static
../src/networking/esp8266_socket.c:392:13:stEchoOff	16	static
../src/networking/esp8266_socket.c:427:13:stStationModeCheck	24	static
../src/networking/esp8266_socket.c:460:13:stStationModeSet	16	static
../src/networking/esp8266_socket.c:482:13:connect_ssid	16	static
../src/networking/esp8266_socket.c:491:13:stConnectAP	24	static
../src/networking/esp8266_socket.c:527:13:stReady	16	static
../src/networking/esp8266_socket.c:551:13:connect_tcp	16	static
../src/networking/esp8266_socket.c:560:13:stConnectTCP	24	static
../src/networking/esp8266_socket.c:596:13:stPassthrough	24	static
../src/networking/esp8266_socket.c:624:13:stPassthroughOK	16	static
../src/networking/esp8266_socket.c:648:13:stConnected	16	static
../src/networking/esp8266_socket.c:671:13:stCommandMode	16	static
../src/networking/esp8266_socket.c:693:13:stCloseTCP	24	static
../src/networking/esp8266_socket.c:729:13:dispatch_event	16	static
../src/networking/esp8266_socket.c:744:13:EspSocketRun	32	static
