C:\FINALversion\lpc_chip_15xx\inc/core_cm3.h:1323:22:void NVIC_EnableIRQ(IRQn_Type)	16	static
C:\FINALversion\lpc_chip_15xx\inc/core_cm3.h:1375:22:void NVIC_ClearPendingIRQ(IRQn_Type)	16	static
C:\FINALversion\lpc_chip_15xx\inc/core_cm3.h:1405:22:void NVIC_SetPriority(IRQn_Type, uint32_t)	16	static
C:\FINALversion\lpc_chip_15xx\inc/sysctl_15xx.h:185:20:void Chip_SYSCTL_PeriphReset(CHIP_SYSCTL_PERIPH_RESET_T)	16	static
C:\FINALversion\lpc_chip_15xx\inc/iocon_15xx.h:95:20:void Chip_IOCON_PinMuxSet(LPC_IOCON_T*, uint8_t, uint8_t, uint32_t)	24	static
C:\FINALversion\lpc_chip_15xx\inc/gpio_15xx.h:95:20:void Chip_GPIO_SetPinState(LPC_GPIO_T*, uint8_t, uint8_t, bool)	16	static
C:\FINALversion\lpc_chip_15xx\inc/gpio_15xx.h:121:20:bool Chip_GPIO_GetPinState(LPC_GPIO_T*, uint8_t, uint8_t)	16	static
C:\FINALversion\lpc_chip_15xx\inc/gpio_15xx.h:146:20:void Chip_GPIO_SetPinDIROutput(LPC_GPIO_T*, uint8_t, uint8_t)	16	static
C:\FINALversion\lpc_chip_15xx\inc/gpio_15xx.h:158:20:void Chip_GPIO_SetPinDIRInput(LPC_GPIO_T*, uint8_t, uint8_t)	16	static
C:\FINALversion\lpc_chip_15xx\inc/pinint_15xx.h:79:20:void Chip_PININT_Init(LPC_PIN_INT_T*)	16	static
C:\FINALversion\lpc_chip_15xx\inc/pinint_15xx.h:101:20:void Chip_PININT_SetPinModeEdge(LPC_PIN_INT_T*, uint32_t)	16	static
C:\FINALversion\lpc_chip_15xx\inc/pinint_15xx.h:171:20:void Chip_PININT_EnableIntLow(LPC_PIN_INT_T*, uint32_t)	16	static
C:\FINALversion\lpc_chip_15xx\inc/pinint_15xx.h:245:20:void Chip_PININT_ClearIntStatus(LPC_PIN_INT_T*, uint32_t)	16	static
C:\FINALversion\lpc_chip_15xx\inc/inmux_15xx.h:221:20:void Chip_INMUX_PinIntSel(uint8_t, uint8_t, uint8_t)	16	static
../src/DigitalIoPin.cpp:13:1:DigitalIoPin::DigitalIoPin(int, int, DigitalIoPin::pinMode, bool)	32	static
../src/DigitalIoPin.cpp:35:1:DigitalIoPin::~DigitalIoPin()	16	static
../src/DigitalIoPin.cpp:35:1:virtual DigitalIoPin::~DigitalIoPin()	16	static
../src/DigitalIoPin.cpp:39:6:virtual bool DigitalIoPin::read()	16	static
../src/DigitalIoPin.cpp:43:6:void DigitalIoPin::write(bool)	16	static
../src/DigitalIoPin.cpp:48:6:static void DigitalIoPin::GPIO_interrupt_init()	8	static
../src/DigitalIoPin.cpp:62:6:void DigitalIoPin::enable_interrupt(const int&, int, int, int)	24	static
