C:\FINALversion\lpc_chip_15xx\inc/sysctl_15xx.h:185:20:void Chip_SYSCTL_PeriphReset(CHIP_SYSCTL_PERIPH_RESET_T)	16	static
c:\nxp\mcuxpressoide_11.5.0_7232\ide\plugins\com.nxp.mcuxpresso.tools.win32_11.5.0.202107051138\tools\arm-none-eabi\include\c++\10.3.1\bits\char_traits.h:365:7:static std::size_t std::char_traits<char>::length(const char_type*)	16	static
c:\nxp\mcuxpressoide_11.5.0_7232\ide\plugins\com.nxp.mcuxpresso.tools.win32_11.5.0.202107051138\tools\arm-none-eabi\include\c++\10.3.1\arm-none-eabi\thumb\v7-m\nofp\bits\gthr-default.h:229:1:int __gthread_key_delete(__gthread_key_t)	16	static
c:\nxp\mcuxpressoide_11.5.0_7232\ide\plugins\com.nxp.mcuxpresso.tools.win32_11.5.0.202107051138\tools\arm-none-eabi\include\c++\10.3.1\bits\basic_string.h:6609:3:std::string std::__cxx11::to_string(int)	40	static
../src/HACKATHON.cpp:38:6:void vConfigureTimerForRunTimeStats()	8	static
../src/HACKATHON.cpp:50:6:void read_co2_level()	112	static
../src/HACKATHON.cpp:72:6:void write_co2_level()	112	static
../src/HACKATHON.cpp:84:6:void lcd_task(void*)	656	static
../src/HACKATHON.cpp:169:6:void sensor_task(void*)	704	static
../src/HACKATHON.cpp:209:5:int main()	16	static
c:\nxp\mcuxpressoide_11.5.0_7232\ide\plugins\com.nxp.mcuxpresso.tools.win32_11.5.0.202107051138\tools\arm-none-eabi\include\c++\10.3.1\bits\charconv.h:47:5:unsigned int std::__detail::__to_chars_len(_Tp, int) [with _Tp = unsigned int]	32	static
c:\nxp\mcuxpressoide_11.5.0_7232\ide\plugins\com.nxp.mcuxpresso.tools.win32_11.5.0.202107051138\tools\arm-none-eabi\include\c++\10.3.1\bits\charconv.h:72:5:void std::__detail::__to_chars_10_impl(char*, unsigned int, _Tp) [with _Tp = unsigned int]	40	static
c:\nxp\mcuxpressoide_11.5.0_7232\ide\plugins\com.nxp.mcuxpresso.tools.win32_11.5.0.202107051138\tools\arm-none-eabi\include\c++\10.3.1\bits\basic_string.tcc:1152:5:std::__cxx11::basic_string<_CharT, _Traits, _Alloc> std::operator+(const _CharT*, const std::__cxx11::basic_string<_CharT, _Traits, _Alloc>&) [with _CharT = char; _Traits = std::char_traits<char>; _Alloc = std::allocator<char>]	40	static
c:\nxp\mcuxpressoide_11.5.0_7232\ide\plugins\com.nxp.mcuxpresso.tools.win32_11.5.0.202107051138\tools\arm-none-eabi\include\c++\10.3.1\bits\basic_string.h:6155:5:std::__cxx11::basic_string<_CharT, _Traits, _Alloc> std::operator+(std::__cxx11::basic_string<_CharT, _Traits, _Alloc>&&, const _CharT*) [with _CharT = char; _Traits = std::char_traits<char>; _Alloc = std::allocator<char>]	24	static
c:\nxp\mcuxpressoide_11.5.0_7232\ide\plugins\com.nxp.mcuxpresso.tools.win32_11.5.0.202107051138\tools\arm-none-eabi\include\c++\10.3.1\bits\basic_string.h:6109:5:std::__cxx11::basic_string<_CharT, _Traits, _Alloc> std::operator+(std::__cxx11::basic_string<_CharT, _Traits, _Alloc>&&, const std::__cxx11::basic_string<_CharT, _Traits, _Alloc>&) [with _CharT = char; _Traits = std::char_traits<char>; _Alloc = std::allocator<char>]	24	static
c:\nxp\mcuxpressoide_11.5.0_7232\ide\plugins\com.nxp.mcuxpresso.tools.win32_11.5.0.202107051138\tools\arm-none-eabi\include\c++\10.3.1\ext\alloc_traits.h:97:29:static constexpr _Alloc __gnu_cxx::__alloc_traits<_Alloc, <template-parameter-1-2> >::_S_select_on_copy(const _Alloc&) [with _Alloc = std::allocator<char>; <template-parameter-1-2> = char]	16	static
c:\nxp\mcuxpressoide_11.5.0_7232\ide\plugins\com.nxp.mcuxpresso.tools.win32_11.5.0.202107051138\tools\arm-none-eabi\include\c++\10.3.1\bits\move.h:101:5:constexpr typename std::remove_reference<_Tp>::type&& std::move(_Tp&&) [with _Tp = std::__cxx11::basic_string<char>&]	16	static
c:\nxp\mcuxpressoide_11.5.0_7232\ide\plugins\com.nxp.mcuxpresso.tools.win32_11.5.0.202107051138\tools\arm-none-eabi\include\c++\10.3.1\bits\alloc_traits.h:558:7:static std::allocator_traits<std::allocator<_CharT> >::allocator_type std::allocator_traits<std::allocator<_CharT> >::select_on_container_copy_construction(const allocator_type&) [with _Tp = char]	16	static
../src/HACKATHON.cpp:236:1:void __static_initialization_and_destruction_0(int, int)	16	static
../src/HACKATHON.cpp:236:1:cpp)	8	static
